1) 
a,b) cat /proc/cpuinfo
processor	: 0
vendor_id	: GenuineIntel
cpu family	: 6
model		: 60
model name	: Intel(R) Core(TM) i7-4790 CPU @ 3.60GHz
stepping	: 3
microcode	: 0x28
cpu MHz		: 3792.452
cache size	: 8192 KB
physical id	: 0
siblings	: 8
core id		: 0
cpu cores	: 4
apicid		: 0
initial apicid	: 0
fpu		: yes
fpu_exception	: yes
cpuid level	: 13
wp		: yes
flags		: fpu vme de pse tsc msr pae mce cx8 apic sep mtrr pge mca cmov pat pse36 clflush dts acpi mmx fxsr sse sse2 ss ht tm pbe syscall nx pdpe1gb rdtscp lm constant_tsc arch_perfmon pebs bts rep_good nopl xtopology nonstop_tsc cpuid aperfmperf pni pclmulqdq dtes64 monitor ds_cpl vmx smx est tm2 ssse3 sdbg fma cx16 xtpr pdcm pcid sse4_1 sse4_2 x2apic movbe popcnt tsc_deadline_timer aes xsave avx f16c rdrand lahf_lm abm cpuid_fault epb invpcid_single pti ssbd ibrs ibpb stibp tpr_shadow vnmi flexpriority ept vpid ept_ad fsgsbase tsc_adjust bmi1 avx2 smep bmi2 erms invpcid xsaveopt dtherm ida arat pln pts md_clear flush_l1d
vmx flags	: vnmi preemption_timer invvpid ept_x_only ept_ad ept_1gb flexpriority tsc_offset vtpr mtf vapic ept vpid unrestricted_guest ple shadow_vmcs
bugs		: cpu_meltdown spectre_v1 spectre_v2 spec_store_bypass l1tf mds swapgs itlb_multihit srbds mmio_unknown
bogomips	: 7183.63
clflush size	: 64
cache_alignment	: 64
address sizes	: 39 bits physical, 48 bits virtual
power management:

processor	: 1
vendor_id	: GenuineIntel
cpu family	: 6
model		: 60
model name	: Intel(R) Core(TM) i7-4790 CPU @ 3.60GHz
stepping	: 3
microcode	: 0x28
cpu MHz		: 3791.350
cache size	: 8192 KB
physical id	: 0
siblings	: 8
core id		: 1
cpu cores	: 4
apicid		: 2
initial apicid	: 2
fpu		: yes
fpu_exception	: yes
cpuid level	: 13
wp		: yes
flags		: fpu vme de pse tsc msr pae mce cx8 apic sep mtrr pge mca cmov pat pse36 clflush dts acpi mmx fxsr sse sse2 ss ht tm pbe syscall nx pdpe1gb rdtscp lm constant_tsc arch_perfmon pebs bts rep_good nopl xtopology nonstop_tsc cpuid aperfmperf pni pclmulqdq dtes64 monitor ds_cpl vmx smx est tm2 ssse3 sdbg fma cx16 xtpr pdcm pcid sse4_1 sse4_2 x2apic movbe popcnt tsc_deadline_timer aes xsave avx f16c rdrand lahf_lm abm cpuid_fault epb invpcid_single pti ssbd ibrs ibpb stibp tpr_shadow vnmi flexpriority ept vpid ept_ad fsgsbase tsc_adjust bmi1 avx2 smep bmi2 erms invpcid xsaveopt dtherm ida arat pln pts md_clear flush_l1d
vmx flags	: vnmi preemption_timer invvpid ept_x_only ept_ad ept_1gb flexpriority tsc_offset vtpr mtf vapic ept vpid unrestricted_guest ple shadow_vmcs
bugs		: cpu_meltdown spectre_v1 spectre_v2 spec_store_bypass l1tf mds swapgs itlb_multihit srbds mmio_unknown
bogomips	: 7183.63
clflush size	: 64
cache_alignment	: 64
address sizes	: 39 bits physical, 48 bits virtual
power management:

processor	: 2
vendor_id	: GenuineIntel
cpu family	: 6
model		: 60
model name	: Intel(R) Core(TM) i7-4790 CPU @ 3.60GHz
stepping	: 3
microcode	: 0x28
cpu MHz		: 3791.505
cache size	: 8192 KB
physical id	: 0
siblings	: 8
core id		: 2
cpu cores	: 4
apicid		: 4
initial apicid	: 4
fpu		: yes
fpu_exception	: yes
cpuid level	: 13
wp		: yes
flags		: fpu vme de pse tsc msr pae mce cx8 apic sep mtrr pge mca cmov pat pse36 clflush dts acpi mmx fxsr sse sse2 ss ht tm pbe syscall nx pdpe1gb rdtscp lm constant_tsc arch_perfmon pebs bts rep_good nopl xtopology nonstop_tsc cpuid aperfmperf pni pclmulqdq dtes64 monitor ds_cpl vmx smx est tm2 ssse3 sdbg fma cx16 xtpr pdcm pcid sse4_1 sse4_2 x2apic movbe popcnt tsc_deadline_timer aes xsave avx f16c rdrand lahf_lm abm cpuid_fault epb invpcid_single pti ssbd ibrs ibpb stibp tpr_shadow vnmi flexpriority ept vpid ept_ad fsgsbase tsc_adjust bmi1 avx2 smep bmi2 erms invpcid xsaveopt dtherm ida arat pln pts md_clear flush_l1d
vmx flags	: vnmi preemption_timer invvpid ept_x_only ept_ad ept_1gb flexpriority tsc_offset vtpr mtf vapic ept vpid unrestricted_guest ple shadow_vmcs
bugs		: cpu_meltdown spectre_v1 spectre_v2 spec_store_bypass l1tf mds swapgs itlb_multihit srbds mmio_unknown
bogomips	: 7183.63
clflush size	: 64
cache_alignment	: 64
address sizes	: 39 bits physical, 48 bits virtual
power management:

processor	: 3
vendor_id	: GenuineIntel
cpu family	: 6
model		: 60
model name	: Intel(R) Core(TM) i7-4790 CPU @ 3.60GHz
stepping	: 3
microcode	: 0x28
cpu MHz		: 800.000
cache size	: 8192 KB
physical id	: 0
siblings	: 8
core id		: 3
cpu cores	: 4
apicid		: 6
initial apicid	: 6
fpu		: yes
fpu_exception	: yes
cpuid level	: 13
wp		: yes
flags		: fpu vme de pse tsc msr pae mce cx8 apic sep mtrr pge mca cmov pat pse36 clflush dts acpi mmx fxsr sse sse2 ss ht tm pbe syscall nx pdpe1gb rdtscp lm constant_tsc arch_perfmon pebs bts rep_good nopl xtopology nonstop_tsc cpuid aperfmperf pni pclmulqdq dtes64 monitor ds_cpl vmx smx est tm2 ssse3 sdbg fma cx16 xtpr pdcm pcid sse4_1 sse4_2 x2apic movbe popcnt tsc_deadline_timer aes xsave avx f16c rdrand lahf_lm abm cpuid_fault epb invpcid_single pti ssbd ibrs ibpb stibp tpr_shadow vnmi flexpriority ept vpid ept_ad fsgsbase tsc_adjust bmi1 avx2 smep bmi2 erms invpcid xsaveopt dtherm ida arat pln pts md_clear flush_l1d
vmx flags	: vnmi preemption_timer invvpid ept_x_only ept_ad ept_1gb flexpriority tsc_offset vtpr mtf vapic ept vpid unrestricted_guest ple shadow_vmcs
bugs		: cpu_meltdown spectre_v1 spectre_v2 spec_store_bypass l1tf mds swapgs itlb_multihit srbds mmio_unknown
bogomips	: 7183.63
clflush size	: 64
cache_alignment	: 64
address sizes	: 39 bits physical, 48 bits virtual
power management:

processor	: 4
vendor_id	: GenuineIntel
cpu family	: 6
model		: 60
model name	: Intel(R) Core(TM) i7-4790 CPU @ 3.60GHz
stepping	: 3
microcode	: 0x28
cpu MHz		: 3791.579
cache size	: 8192 KB
physical id	: 0
siblings	: 8
core id		: 0
cpu cores	: 4
apicid		: 1
initial apicid	: 1
fpu		: yes
fpu_exception	: yes
cpuid level	: 13
wp		: yes
flags		: fpu vme de pse tsc msr pae mce cx8 apic sep mtrr pge mca cmov pat pse36 clflush dts acpi mmx fxsr sse sse2 ss ht tm pbe syscall nx pdpe1gb rdtscp lm constant_tsc arch_perfmon pebs bts rep_good nopl xtopology nonstop_tsc cpuid aperfmperf pni pclmulqdq dtes64 monitor ds_cpl vmx smx est tm2 ssse3 sdbg fma cx16 xtpr pdcm pcid sse4_1 sse4_2 x2apic movbe popcnt tsc_deadline_timer aes xsave avx f16c rdrand lahf_lm abm cpuid_fault epb invpcid_single pti ssbd ibrs ibpb stibp tpr_shadow vnmi flexpriority ept vpid ept_ad fsgsbase tsc_adjust bmi1 avx2 smep bmi2 erms invpcid xsaveopt dtherm ida arat pln pts md_clear flush_l1d
vmx flags	: vnmi preemption_timer invvpid ept_x_only ept_ad ept_1gb flexpriority tsc_offset vtpr mtf vapic ept vpid unrestricted_guest ple shadow_vmcs
bugs		: cpu_meltdown spectre_v1 spectre_v2 spec_store_bypass l1tf mds swapgs itlb_multihit srbds mmio_unknown
bogomips	: 7183.63
clflush size	: 64
cache_alignment	: 64
address sizes	: 39 bits physical, 48 bits virtual
power management:

processor	: 5
vendor_id	: GenuineIntel
cpu family	: 6
model		: 60
model name	: Intel(R) Core(TM) i7-4790 CPU @ 3.60GHz
stepping	: 3
microcode	: 0x28
cpu MHz		: 3788.232
cache size	: 8192 KB
physical id	: 0
siblings	: 8
core id		: 1
cpu cores	: 4
apicid		: 3
initial apicid	: 3
fpu		: yes
fpu_exception	: yes
cpuid level	: 13
wp		: yes
flags		: fpu vme de pse tsc msr pae mce cx8 apic sep mtrr pge mca cmov pat pse36 clflush dts acpi mmx fxsr sse sse2 ss ht tm pbe syscall nx pdpe1gb rdtscp lm constant_tsc arch_perfmon pebs bts rep_good nopl xtopology nonstop_tsc cpuid aperfmperf pni pclmulqdq dtes64 monitor ds_cpl vmx smx est tm2 ssse3 sdbg fma cx16 xtpr pdcm pcid sse4_1 sse4_2 x2apic movbe popcnt tsc_deadline_timer aes xsave avx f16c rdrand lahf_lm abm cpuid_fault epb invpcid_single pti ssbd ibrs ibpb stibp tpr_shadow vnmi flexpriority ept vpid ept_ad fsgsbase tsc_adjust bmi1 avx2 smep bmi2 erms invpcid xsaveopt dtherm ida arat pln pts md_clear flush_l1d
vmx flags	: vnmi preemption_timer invvpid ept_x_only ept_ad ept_1gb flexpriority tsc_offset vtpr mtf vapic ept vpid unrestricted_guest ple shadow_vmcs
bugs		: cpu_meltdown spectre_v1 spectre_v2 spec_store_bypass l1tf mds swapgs itlb_multihit srbds mmio_unknown
bogomips	: 7183.63
clflush size	: 64
cache_alignment	: 64
address sizes	: 39 bits physical, 48 bits virtual
power management:

processor	: 6
vendor_id	: GenuineIntel
cpu family	: 6
model		: 60
model name	: Intel(R) Core(TM) i7-4790 CPU @ 3.60GHz
stepping	: 3
microcode	: 0x28
cpu MHz		: 3792.487
cache size	: 8192 KB
physical id	: 0
siblings	: 8
core id		: 2
cpu cores	: 4
apicid		: 5
initial apicid	: 5
fpu		: yes
fpu_exception	: yes
cpuid level	: 13
wp		: yes
flags		: fpu vme de pse tsc msr pae mce cx8 apic sep mtrr pge mca cmov pat pse36 clflush dts acpi mmx fxsr sse sse2 ss ht tm pbe syscall nx pdpe1gb rdtscp lm constant_tsc arch_perfmon pebs bts rep_good nopl xtopology nonstop_tsc cpuid aperfmperf pni pclmulqdq dtes64 monitor ds_cpl vmx smx est tm2 ssse3 sdbg fma cx16 xtpr pdcm pcid sse4_1 sse4_2 x2apic movbe popcnt tsc_deadline_timer aes xsave avx f16c rdrand lahf_lm abm cpuid_fault epb invpcid_single pti ssbd ibrs ibpb stibp tpr_shadow vnmi flexpriority ept vpid ept_ad fsgsbase tsc_adjust bmi1 avx2 smep bmi2 erms invpcid xsaveopt dtherm ida arat pln pts md_clear flush_l1d
vmx flags	: vnmi preemption_timer invvpid ept_x_only ept_ad ept_1gb flexpriority tsc_offset vtpr mtf vapic ept vpid unrestricted_guest ple shadow_vmcs
bugs		: cpu_meltdown spectre_v1 spectre_v2 spec_store_bypass l1tf mds swapgs itlb_multihit srbds mmio_unknown
bogomips	: 7183.63
clflush size	: 64
cache_alignment	: 64
address sizes	: 39 bits physical, 48 bits virtual
power management:

processor	: 7
vendor_id	: GenuineIntel
cpu family	: 6
model		: 60
model name	: Intel(R) Core(TM) i7-4790 CPU @ 3.60GHz
stepping	: 3
microcode	: 0x28
cpu MHz		: 3791.742
cache size	: 8192 KB
physical id	: 0
siblings	: 8
core id		: 3
cpu cores	: 4
apicid		: 7
initial apicid	: 7
fpu		: yes
fpu_exception	: yes
cpuid level	: 13
wp		: yes
flags		: fpu vme de pse tsc msr pae mce cx8 apic sep mtrr pge mca cmov pat pse36 clflush dts acpi mmx fxsr sse sse2 ss ht tm pbe syscall nx pdpe1gb rdtscp lm constant_tsc arch_perfmon pebs bts rep_good nopl xtopology nonstop_tsc cpuid aperfmperf pni pclmulqdq dtes64 monitor ds_cpl vmx smx est tm2 ssse3 sdbg fma cx16 xtpr pdcm pcid sse4_1 sse4_2 x2apic movbe popcnt tsc_deadline_timer aes xsave avx f16c rdrand lahf_lm abm cpuid_fault epb invpcid_single pti ssbd ibrs ibpb stibp tpr_shadow vnmi flexpriority ept vpid ept_ad fsgsbase tsc_adjust bmi1 avx2 smep bmi2 erms invpcid xsaveopt dtherm ida arat pln pts md_clear flush_l1d
vmx flags	: vnmi preemption_timer invvpid ept_x_only ept_ad ept_1gb flexpriority tsc_offset vtpr mtf vapic ept vpid unrestricted_guest ple shadow_vmcs
bugs		: cpu_meltdown spectre_v1 spectre_v2 spec_store_bypass l1tf mds swapgs itlb_multihit srbds mmio_unknown
bogomips	: 7183.63
clflush size	: 64
cache_alignment	: 64
address sizes	: 39 bits physical, 48 bits virtual
power management:

c,d) cat /proc/meminfo

MemTotal:        3910320 kB
MemFree:          269508 kB
MemAvailable:    1212492 kB
Buffers:          100236 kB
Cached:          1378612 kB
SwapCached:         5996 kB
Active:           929080 kB
Inactive:        2093292 kB
Active(anon):     253344 kB
Inactive(anon):  1674080 kB
Active(file):     675736 kB
Inactive(file):   419212 kB
Unevictable:       76136 kB
Mlocked:           13908 kB
SwapTotal:       2097148 kB
SwapFree:        1861660 kB
Zswap:                 0 kB
Zswapped:              0 kB
Dirty:               104 kB
Writeback:             0 kB
AnonPages:       1614112 kB
Mapped:           426544 kB
Shmem:            385400 kB
KReclaimable:     133656 kB
Slab:             353916 kB
SReclaimable:     133656 kB
SUnreclaim:       220260 kB
KernelStack:       19328 kB
PageTables:        33152 kB
NFS_Unstable:          0 kB
Bounce:                0 kB
WritebackTmp:          0 kB
CommitLimit:     4052308 kB
Committed_AS:    7935224 kB
VmallocTotal:   34359738367 kB
VmallocUsed:       79424 kB
VmallocChunk:          0 kB
Percpu:             8224 kB
HardwareCorrupted:     0 kB
AnonHugePages:         0 kB
ShmemHugePages:        0 kB
ShmemPmdMapped:        0 kB
FileHugePages:         0 kB
FilePmdMapped:         0 kB
HugePages_Total:       0
HugePages_Free:        0
HugePages_Rsvd:        0
HugePages_Surp:        0
Hugepagesize:       2048 kB
Hugetlb:               0 kB
DirectMap4k:      313896 kB
DirectMap2M:     3786752 kB
DirectMap1G:           0 kB
e) ls /proc
1     1147  1308  1662  2005  243   2598  3     3242  3426  4211  5453  62    6708  7411  8355  asound         iomem        mtrr           version
10    1148  1309  1663  203   244   26    3032  3244  343   4219  55    6204  671   75    8401  bootconfig     ioports      net            version_signature
101   1149  1311  1664  205   245   268   3041  3247  3432  4236  550   6215  672   7530  8474  buddyinfo      irq          pagetypeinfo   vmallocinfo
102   1150  1312  1665  2093  2490  27    3066  3248  3436  43    56    6273  6722  77    85    bus            kallsyms     partitions     vmstat
103   1151  1341  1666  21    2498  2710  3072  3249  3457  4330  5617  63    6725  7763  8505  cgroups        kcore        pressure       zoneinfo
104   1152  1379  1667  22    2499  2776  31    3256  3489  44    5637  6328  6867  7786  8507  cmdline        keys         schedstat
105   1153  1389  17    227   25    2782  3107  3257  35    45    57    6379  69    78    8546  consoles       key-users    scsi
106   1173  14    1759  23    2505  2787  3111  3258  3512  4512  5713  64    6926  7827  8571  cpuinfo        kmsg         self
1099  1174  1440  1785  231   2506  2791  3197  3260  355   452   58    6415  6936  7860  8578  crypto         kpagecgroup  slabinfo
11    1181  15    1851  234   2507  2797  32    33    3579  46    5862  6458  6963  7886  86    devices        kpagecount   softirqs
1100  119   1518  1852  235   2519  28    3222  3322  3685  47    5880  6489  6971  79    8606  diskstats      kpageflags   stat
111   12    1520  1857  236   2526  2802  3224  3323  3689  488   59    65    70    7959  8624  dma            loadavg      swaps
1113  120   1525  1858  237   2538  2812  3228  3352  37    49    5935  6534  7036  8     87    driver         locks        sys
1116  1224  1526  189   2375  2551  2845  3229  3370  38    5     6     6565  71    80    94    dynamic_debug  mdstat       sysrq-trigger
1117  1299  1547  19    238   2554  2849  3231  3378  383   50    603   6597  7123  8054  947   execdomains    meminfo      sysvipc
1118  13    1589  1991  239   2560  2855  3232  3384  39    51    61    6613  72    8099  948   fb             misc         thread-self
1124  1302  16    1992  240   2576  29    3234  3385  4     52    6178  6681  7280  81    949   filesystems    modules      timer_list
1143  1303  166   2     241   2591  2920  3237  34    40    53    6181  67    73    8203  98    fs             mounts       tty
1145  1304  1661  20    242   2594  2978  3239  342   41    5379  6186  670   74    83    acpi  interrupts     mtd          uptime
 echo [1-9]* | wc -w
303
f) cat /proc/stat
cpu  81831 692 26691 2023811 178583 0 1096 0 0 0
cpu0 11304 26 3572 249898 24268 0 52 0 0 0
cpu1 10721 36 3342 253723 21356 0 114 0 0 0
cpu2 9937 414 3137 255844 20017 0 32 0 0 0
cpu3 10646 36 3161 255803 19642 0 20 0 0 0
cpu4 9272 13 3130 258910 18089 0 11 0 0 0
cpu5 9492 26 3233 255815 20299 0 26 0 0 0
cpu6 9931 106 3266 246083 29573 0 128 0 0 0
cpu7 10525 32 3848 247732 25336 0 709 0 0 0
intr 4471636 8 0 0 0 0 0 0 0 0 5 0 0 0 0 0 0 48992 0 3 0 0 0 0 33 0 0 0 0 0 108041 286137 26 136722 223 1424 0 0 0 0 0 0 0 0 0 0 0 0 0 0 0 0 0 0 0 0 0 0 0 0 0 0 0 0 0 0 0 0 0 0 0 0 0 0 0 0 0 0 0 0 0 0 0 0 0 0 0 0 0 0 0 0 0 0 0 0 0 0 0 0 0 0 0 0 0 0 0 0 0 0 0 0 0 0 0 0 0 0 0 0 0 0 0 0 0 0 0 0 0 0 0 0 0 0 0 0 0 0 0 0 0 0 0 0 0 0 0 0 0 0 0 0 0 0 0 0 0 0 0 0 0 0 0 0 0 0 0 0 0 0 0 0 0 0 0 0 0 0 0 0 0 0 0 0 0 0 0 0 0 0 0 0 0 0 0 0 0 0 0 0 0 0 0 0 0 0 0 0 0 0 0 0 0 0 0 0 0 0 0 0 0 0 0 0 0 0 0 0 0 0 0 0 0 0 0 0 0 0 0 0 0 0 0 0 0 0 0 0 0 0 0 0 0 0 0 0 0 0 0 0 0 0 0 0 0 0 0 0 0 0 0 0 0 0 0 0 0 0 0 0 0 0 0 0 0 0 0 0 0 0 0 0 0 0 0 0 0 0 0 0 0 0 0 0 0 0 0 0 0 0 0 0 0 0 0 0 0 0 0 0 0 0 0 0 0 0 0 0 0 0 0 0 0 0 0 0 0 0 0 0 0 0 0 0 0 0 0 0 0 0 0 0 0 0 0 0 0 0 0 0 0 0 0 0 0 0 0 0 0 0 0 0 0 0 0 0 0 0 0 0 0 0 0 0 0 0 0 0 0 0 0 0 0 0 0 0 0 0 0 0 0 0 0 0 0 0 0 0 0 0 0 0 0 0 0 0 0 0 0 0 0 0 0 0 0 0 0 0 0 0 0 0 0 0 0 0 0 0 0 0 0 0 0 0 0 0 0 0 0 0 0 0 0 0 0 0 0 0 0 0 0 0 0 0 0 0 0 0 0 0 0 0 0 0 0 0 0 0 0 0 0 0 0 0 0 0 0 0 0
ctxt 10094073
btime 1692178486
processes 8885
procs_running 5
procs_blocked 0
softirq 3910070 48920 364650 16 293792 128609 0 3049 1763931 26126 1280977
g) ls -sh /proc
total 0
0 1     0 1151  0 1440  0 1858  0 240   0 26    0 31    0 33    0 38    0 53    0 6215  0 69    0 8054  0 948            0 iomem         0 pressure
0 10    0 1152  0 15    0 189   0 241   0 268   0 3107  0 3322  0 383   0 5379  0 6273  0 6926  0 8099  0 949            0 ioports       0 schedstat
0 101   0 1153  0 1518  0 19    0 242   0 27    0 3111  0 3323  0 39    0 5453  0 63    0 6936  0 81    0 98             0 irq           0 scsi
0 102   0 1173  0 1520  0 1991  0 243   0 2710  0 3197  0 3352  0 4     0 55    0 6328  0 6971  0 8203  0 acpi           0 kallsyms      0 self
0 103   0 1174  0 1525  0 1992  0 244   0 2776  0 32    0 3370  0 40    0 550   0 6379  0 70    0 83    0 asound         0 kcore         0 slabinfo
0 104   0 1181  0 1526  0 2     0 245   0 2782  0 3222  0 3378  0 41    0 56    0 64    0 7036  0 8355  0 bootconfig     0 keys          0 softirqs
0 105   0 119   0 1547  0 20    0 2490  0 2787  0 3224  0 3384  0 4211  0 5617  0 6415  0 71    0 8401  0 buddyinfo      0 key-users     0 stat
0 106   0 12    0 1589  0 2005  0 2498  0 2791  0 3228  0 3385  0 4219  0 5637  0 6458  0 7123  0 8474  0 bus            0 kmsg          0 swaps
0 1099  0 120   0 16    0 203   0 2499  0 2797  0 3229  0 34    0 4236  0 57    0 6489  0 72    0 85    0 cgroups        0 kpagecgroup   0 sys
0 11    0 1224  0 166   0 205   0 25    0 28    0 3231  0 342   0 43    0 5713  0 65    0 7280  0 8505  0 cmdline        0 kpagecount    0 sysrq-trigger
0 1100  0 1299  0 1661  0 2093  0 2505  0 2802  0 3232  0 3426  0 4330  0 58    0 6534  0 73    0 8571  0 consoles       0 kpageflags    0 sysvipc
0 111   0 13    0 1662  0 21    0 2506  0 2812  0 3234  0 343   0 44    0 5862  0 6565  0 74    0 86    0 cpuinfo        0 loadavg       0 thread-self
0 1113  0 1302  0 1663  0 22    0 2507  0 2845  0 3237  0 3432  0 45    0 5880  0 6597  0 75    0 8670  0 crypto         0 locks         0 timer_list
0 1116  0 1303  0 1664  0 227   0 2519  0 2849  0 3239  0 3436  0 4512  0 59    0 6613  0 7530  0 8697  0 devices        0 mdstat        0 tty
0 1117  0 1304  0 1665  0 23    0 2526  0 2855  0 3242  0 3457  0 452   0 5935  0 6681  0 77    0 8698  0 diskstats      0 meminfo       0 uptime
0 1118  0 1308  0 1666  0 231   0 2538  0 29    0 3244  0 3489  0 46    0 6     0 67    0 7763  0 87    0 dma            0 misc          0 version
0 1124  0 1309  0 1667  0 234   0 2551  0 2920  0 3247  0 35    0 47    0 603   0 670   0 7786  0 8707  0 driver         0 modules       0 version_signature
0 1143  0 1311  0 17    0 235   0 2554  0 2978  0 3248  0 3512  0 488   0 61    0 6708  0 78    0 8748  0 dynamic_debug  0 mounts        0 vmallocinfo
0 1145  0 1312  0 1759  0 236   0 2560  0 3     0 3249  0 355   0 49    0 6178  0 671   0 7827  0 8780  0 execdomains    0 mtd           0 vmstat
0 1147  0 1341  0 1785  0 237   0 2576  0 3032  0 3256  0 3579  0 5     0 6181  0 672   0 7886  0 8782  0 fb             0 mtrr          0 zoneinfo
0 1148  0 1379  0 1851  0 2375  0 2591  0 3041  0 3257  0 3685  0 50    0 6186  0 6722  0 79    0 8860  0 filesystems    0 net
0 1149  0 1389  0 1852  0 238   0 2594  0 3066  0 3258  0 3689  0 51    0 62    0 6725  0 8     0 94    0 fs             0 pagetypeinfo
0 1150  0 14    0 1857  0 239   0 2598  0 3072  0 3260  0 37    0 52    0 6204  0 6867  0 80    0 947   0 interrupts     0 partitions
6) lsblk
NAME   MAJ:MIN RM   SIZE RO TYPE MOUNTPOINTS
loop1    7:1    0     4K  1 loop /snap/bare/5
loop2    7:2    0 150.4M  1 loop /snap/chromium/2565
loop3    7:3    0 118.2M  1 loop /snap/core/15419
loop4    7:4    0 118.2M  1 loop /snap/core/15511
loop5    7:5    0  55.7M  1 loop /snap/core18/2785
loop6    7:6    0  63.4M  1 loop /snap/core20/1974
loop7    7:7    0  55.6M  1 loop /snap/core18/2751
loop8    7:8    0  63.4M  1 loop /snap/core20/1950
loop9    7:9    0  73.9M  1 loop /snap/core22/817
loop10   7:10   0  73.9M  1 loop /snap/core22/858
loop11   7:11   0  66.6M  1 loop /snap/cups/974
loop12   7:12   0  66.6M  1 loop /snap/cups/980
loop14   7:14   0 237.2M  1 loop /snap/firefox/2971
loop15   7:15   0 349.7M  1 loop /snap/gnome-3-38-2004/140
loop16   7:16   0 237.2M  1 loop /snap/firefox/2987
loop17   7:17   0 485.5M  1 loop /snap/gnome-42-2204/120
loop18   7:18   0 349.7M  1 loop /snap/gnome-3-38-2004/143
loop19   7:19   0   140K  1 loop /snap/gtk2-common-themes/13
loop20   7:20   0  91.7M  1 loop /snap/gtk-common-themes/1535
loop21   7:21   0 605.9M  1 loop /snap/pycharm-community/340
loop22   7:22   0 611.3M  1 loop /snap/pycharm-community/342
loop23   7:23   0  45.9M  1 loop /snap/snap-store/638
loop24   7:24   0  12.3M  1 loop /snap/snap-store/959
loop25   7:25   0  53.3M  1 loop /snap/snapd/19361
loop26   7:26   0  53.3M  1 loop /snap/snapd/19457
loop27   7:27   0   428K  1 loop /snap/snapd-desktop-integration/57
loop28   7:28   0   452K  1 loop /snap/snapd-desktop-integration/83
loop29   7:29   0 381.8M  1 loop /snap/wps-2019-snap/2
loop30   7:30   0 485.5M  1 loop /snap/gnome-42-2204/126
loop31   7:31   0 150.4M  1 loop /snap/chromium/2572
sda      8:0    0 465.8G  0 disk 
├─sda1   8:1    0    50M  0 part 
├─sda2   8:2    0 281.6G  0 part 
├─sda3   8:3    0   530M  0 part 
├─sda4   8:4    0     1K  0 part 
├─sda5   8:5    0   513M  0 part /boot/efi
└─sda6   8:6    0 183.1G  0 part /var/snap/firefox/common/host-hunspell
                                 /
sr0     11:0    1  1024M  0 rom  
2) cat /proc/11021/status
Name:	first
Umask:	0002
State:	R (running)
Tgid:	11021
Ngid:	0
Pid:	11021
PPid:	10811
TracerPid:	0
Uid:	1001	1001	1001	1001
Gid:	1001	1001	1001	1001
FDSize:	256
Groups:	1001 
NStgid:	11021
NSpid:	11021
NSpgid:	11021
NSsid:	10811
VmPeak:	    6872 kB
VmSize:	    6872 kB
VmLck:	       0 kB
VmPin:	       0 kB
VmHWM:	    3228 kB
VmRSS:	    2988 kB
RssAnon:	     340 kB
RssFile:	    2648 kB
RssShmem:	       0 kB
VmData:	    1076 kB
VmStk:	     132 kB
VmExe:	       8 kB
VmLib:	    3476 kB
VmPTE:	      48 kB
VmSwap:	       0 kB
HugetlbPages:	       0 kB
CoreDumping:	0
THP_enabled:	1
Threads:	1
SigQ:	0/14963
SigPnd:	0000000000000000
ShdPnd:	0000000000000000
SigBlk:	0000000000000000
SigIgn:	0000000181000000
SigCgt:	0000000000000000
CapInh:	0000000000000000
CapPrm:	0000000000000000
CapEff:	0000000000000000
CapBnd:	000001ffffffffff
CapAmb:	0000000000000000
NoNewPrivs:	0
Seccomp:	0
Seccomp_filters:	0
Speculation_Store_Bypass:	thread vulnerable
SpeculationIndirectBranch:	conditional enabled
Cpus_allowed:	ff
Cpus_allowed_list:	0-7
Mems_allowed:	00000000,00000000,00000000,00000000,00000000,00000000,00000000,00000000,00000000,00000000,00000000,00000000,00000000,00000000,00000000,00000000,00000000,00000000,00000000,00000000,00000000,00000000,00000000,00000000,00000000,00000000,00000000,00000000,00000000,00000000,00000000,00000001
Mems_allowed_list:	0
voluntary_ctxt_switches:	0
nonvoluntary_ctxt_switches:	1712

cat /proc/11454/status
Name:	second
Umask:	0002
State:	R (running)
Tgid:	11454
Ngid:	0
Pid:	11454
PPid:	10811
TracerPid:	0
Uid:	1001	1001	1001	1001
Gid:	1001	1001	1001	1001
FDSize:	256
Groups:	1001 
NStgid:	11454
NSpid:	11454
NSpgid:	11454
NSsid:	10811
VmPeak:	   14056 kB
VmSize:	   14056 kB
VmLck:	       0 kB
VmPin:	       0 kB
VmHWM:	    6996 kB
VmRSS:	    6996 kB
RssAnon:	    4080 kB
RssFile:	    2916 kB
RssShmem:	       0 kB
VmData:	    8260 kB
VmStk:	     132 kB
VmExe:	       8 kB
VmLib:	    3476 kB
VmPTE:	      64 kB
VmSwap:	       0 kB
HugetlbPages:	       0 kB
CoreDumping:	0
THP_enabled:	1
Threads:	1
SigQ:	0/14963
SigPnd:	0000000000000000
ShdPnd:	0000000000000000
SigBlk:	0000000000000000
SigIgn:	0000000181000000
SigCgt:	0000000000000000
CapInh:	0000000000000000
CapPrm:	0000000000000000
CapEff:	0000000000000000
CapBnd:	000001ffffffffff
CapAmb:	0000000000000000
NoNewPrivs:	0
Seccomp:	0
Seccomp_filters:	0
Speculation_Store_Bypass:	thread vulnerable
SpeculationIndirectBranch:	conditional enabled
Cpus_allowed:	ff
Cpus_allowed_list:	0-7
Mems_allowed:	00000000,00000000,00000000,00000000,00000000,00000000,00000000,00000000,00000000,00000000,00000000,00000000,00000000,00000000,00000000,00000000,00000000,00000000,00000000,00000000,00000000,00000000,00000000,00000000,00000000,00000000,00000000,00000000,00000000,00000000,00000000,00000001
Mems_allowed_list:	0
voluntary_ctxt_switches:	0
nonvoluntary_ctxt_switches:	129
3)
pstree -p -s 15236
systemd(1)───systemd(2498)───gnome-shell(2849)───code(9025)───code(9244)───code(9309)───bash(10811)───sub1(15236)───sub1(15237)

ps --ppid 17617 
    PID TTY          TIME CMD
  17619 pts/2    00:00:00 sub1

ps --ppid 17617 --no-headers | wc -l
1

4)
strace -o hello_o.txt -f  ./hello

16477 execve("./hello", ["./hello"], 0x7ffdf7205b28 /* 62 vars */) = 0
16477 brk(NULL)                         = 0x56290418a000
16477 arch_prctl(0x3001 /* ARCH_??? */, 0x7ffe1e78bfe0) = -1 EINVAL (Invalid argument)
16477 mmap(NULL, 8192, PROT_READ|PROT_WRITE, MAP_PRIVATE|MAP_ANONYMOUS, -1, 0) = 0x7f91fcf01000
16477 access("/etc/ld.so.preload", R_OK) = -1 ENOENT (No such file or directory)
16477 openat(AT_FDCWD, "/etc/ld.so.cache", O_RDONLY|O_CLOEXEC) = 3
16477 newfstatat(3, "", {st_mode=S_IFREG|0644, st_size=94627, ...}, AT_EMPTY_PATH) = 0
16477 mmap(NULL, 94627, PROT_READ, MAP_PRIVATE, 3, 0) = 0x7f91fcee9000
16477 close(3)                          = 0
16477 openat(AT_FDCWD, "/lib/x86_64-linux-gnu/libc.so.6", O_RDONLY|O_CLOEXEC) = 3
16477 read(3, "\177ELF\2\1\1\3\0\0\0\0\0\0\0\0\3\0>\0\1\0\0\0P\237\2\0\0\0\0\0"..., 832) = 832
16477 pread64(3, "\6\0\0\0\4\0\0\0@\0\0\0\0\0\0\0@\0\0\0\0\0\0\0@\0\0\0\0\0\0\0"..., 784, 64) = 784
16477 pread64(3, "\4\0\0\0 \0\0\0\5\0\0\0GNU\0\2\0\0\300\4\0\0\0\3\0\0\0\0\0\0\0"..., 48, 848) = 48
16477 pread64(3, "\4\0\0\0\24\0\0\0\3\0\0\0GNU\0i8\235HZ\227\223\333\350s\360\352,\223\340."..., 68, 896) = 68
16477 newfstatat(3, "", {st_mode=S_IFREG|0644, st_size=2216304, ...}, AT_EMPTY_PATH) = 0
16477 pread64(3, "\6\0\0\0\4\0\0\0@\0\0\0\0\0\0\0@\0\0\0\0\0\0\0@\0\0\0\0\0\0\0"..., 784, 64) = 784
16477 mmap(NULL, 2260560, PROT_READ, MAP_PRIVATE|MAP_DENYWRITE, 3, 0) = 0x7f91fcc00000
16477 mmap(0x7f91fcc28000, 1658880, PROT_READ|PROT_EXEC, MAP_PRIVATE|MAP_FIXED|MAP_DENYWRITE, 3, 0x28000) = 0x7f91fcc28000
16477 mmap(0x7f91fcdbd000, 360448, PROT_READ, MAP_PRIVATE|MAP_FIXED|MAP_DENYWRITE, 3, 0x1bd000) = 0x7f91fcdbd000
16477 mmap(0x7f91fce15000, 24576, PROT_READ|PROT_WRITE, MAP_PRIVATE|MAP_FIXED|MAP_DENYWRITE, 3, 0x214000) = 0x7f91fce15000
16477 mmap(0x7f91fce1b000, 52816, PROT_READ|PROT_WRITE, MAP_PRIVATE|MAP_FIXED|MAP_ANONYMOUS, -1, 0) = 0x7f91fce1b000
16477 close(3)                          = 0
16477 mmap(NULL, 12288, PROT_READ|PROT_WRITE, MAP_PRIVATE|MAP_ANONYMOUS, -1, 0) = 0x7f91fcee6000
16477 arch_prctl(ARCH_SET_FS, 0x7f91fcee6740) = 0
16477 set_tid_address(0x7f91fcee6a10)   = 16477
16477 set_robust_list(0x7f91fcee6a20, 24) = 0
16477 rseq(0x7f91fcee70e0, 0x20, 0, 0x53053053) = 0
16477 mprotect(0x7f91fce15000, 16384, PROT_READ) = 0
16477 mprotect(0x562902f13000, 4096, PROT_READ) = 0
16477 mprotect(0x7f91fcf3b000, 8192, PROT_READ) = 0
16477 prlimit64(0, RLIMIT_STACK, NULL, {rlim_cur=8192*1024, rlim_max=RLIM64_INFINITY}) = 0
16477 munmap(0x7f91fcee9000, 94627)     = 0
	16477 newfstatat(1, "", {st_mode=S_IFCHR|0620, st_rdev=makedev(0x88, 0x2), ...}, AT_EMPTY_PATH) = 0
	16477 getrandom("\x96\x34\x3c\xc9\x00\x93\xb3\xb8", 8, GRND_NONBLOCK) = 8
	16477 brk(NULL)                         = 0x56290418a000
	16477 brk(0x5629041ab000)               = 0x5629041ab000
	16477 write(1, "Hello World", 11)       = 11
16477 exit_group(0)                     = ?
16477 +++ exited with 0 +++

strace -o empty_o.txt -f -e write,open ./empty

16563 execve("./empty", ["./empty"], 0x7ffe6582cd08 /* 62 vars */) = 0
16563 brk(NULL)                         = 0x5651d6fe3000
16563 arch_prctl(0x3001 /* ARCH_??? */, 0x7ffdb0db44d0) = -1 EINVAL (Invalid argument)
16563 mmap(NULL, 8192, PROT_READ|PROT_WRITE, MAP_PRIVATE|MAP_ANONYMOUS, -1, 0) = 0x7f3385802000
16563 access("/etc/ld.so.preload", R_OK) = -1 ENOENT (No such file or directory)
16563 openat(AT_FDCWD, "/etc/ld.so.cache", O_RDONLY|O_CLOEXEC) = 3
16563 newfstatat(3, "", {st_mode=S_IFREG|0644, st_size=94627, ...}, AT_EMPTY_PATH) = 0
16563 mmap(NULL, 94627, PROT_READ, MAP_PRIVATE, 3, 0) = 0x7f33857ea000
16563 close(3)                          = 0
16563 openat(AT_FDCWD, "/lib/x86_64-linux-gnu/libc.so.6", O_RDONLY|O_CLOEXEC) = 3
16563 read(3, "\177ELF\2\1\1\3\0\0\0\0\0\0\0\0\3\0>\0\1\0\0\0P\237\2\0\0\0\0\0"..., 832) = 832
16563 pread64(3, "\6\0\0\0\4\0\0\0@\0\0\0\0\0\0\0@\0\0\0\0\0\0\0@\0\0\0\0\0\0\0"..., 784, 64) = 784
16563 pread64(3, "\4\0\0\0 \0\0\0\5\0\0\0GNU\0\2\0\0\300\4\0\0\0\3\0\0\0\0\0\0\0"..., 48, 848) = 48
16563 pread64(3, "\4\0\0\0\24\0\0\0\3\0\0\0GNU\0i8\235HZ\227\223\333\350s\360\352,\223\340."..., 68, 896) = 68
16563 newfstatat(3, "", {st_mode=S_IFREG|0644, st_size=2216304, ...}, AT_EMPTY_PATH) = 0
16563 pread64(3, "\6\0\0\0\4\0\0\0@\0\0\0\0\0\0\0@\0\0\0\0\0\0\0@\0\0\0\0\0\0\0"..., 784, 64) = 784
16563 mmap(NULL, 2260560, PROT_READ, MAP_PRIVATE|MAP_DENYWRITE, 3, 0) = 0x7f3385400000
16563 mmap(0x7f3385428000, 1658880, PROT_READ|PROT_EXEC, MAP_PRIVATE|MAP_FIXED|MAP_DENYWRITE, 3, 0x28000) = 0x7f3385428000
16563 mmap(0x7f33855bd000, 360448, PROT_READ, MAP_PRIVATE|MAP_FIXED|MAP_DENYWRITE, 3, 0x1bd000) = 0x7f33855bd000
16563 mmap(0x7f3385615000, 24576, PROT_READ|PROT_WRITE, MAP_PRIVATE|MAP_FIXED|MAP_DENYWRITE, 3, 0x214000) = 0x7f3385615000
16563 mmap(0x7f338561b000, 52816, PROT_READ|PROT_WRITE, MAP_PRIVATE|MAP_FIXED|MAP_ANONYMOUS, -1, 0) = 0x7f338561b000
16563 close(3)                          = 0
16563 mmap(NULL, 12288, PROT_READ|PROT_WRITE, MAP_PRIVATE|MAP_ANONYMOUS, -1, 0) = 0x7f33857e7000
16563 arch_prctl(ARCH_SET_FS, 0x7f33857e7740) = 0
16563 set_tid_address(0x7f33857e7a10)   = 16563
16563 set_robust_list(0x7f33857e7a20, 24) = 0
16563 rseq(0x7f33857e80e0, 0x20, 0, 0x53053053) = 0
16563 mprotect(0x7f3385615000, 16384, PROT_READ) = 0
16563 mprotect(0x5651d5231000, 4096, PROT_READ) = 0
16563 mprotect(0x7f338583c000, 8192, PROT_READ) = 0
16563 prlimit64(0, RLIMIT_STACK, NULL, {rlim_cur=8192*1024, rlim_max=RLIM64_INFINITY}) = 0
16563 munmap(0x7f33857ea000, 94627)     = 0
16563 exit_group(0)                     = ?
16563 +++ exited with 0 +++


